

鈺斺晲鈺愨晲鈺愨晲鈺愨晲鈺愨晲鈺愨晲鈺愨晲鈺愨晲鈺愨晲鈺愨晲鈺愨晲鈺愨晲鈺愨晲鈺愨晲鈺愨晲鈺愨晲鈺愨晲鈺愨晲鈺愨晲鈺愨晲鈺愨晲鈺愨晲鈺愨晲鈺愨晲鈺愨晲鈺愨晲鈺愨晲鈺愨晲鈺愨晲鈺愨晲鈺愨晽
鈺?      涓ゆ楠OSMIC鎷嗗垎 - 涓夊苟鍙戞晥鏋滃姣旀祴璇?               鈺?鈺氣晲鈺愨晲鈺愨晲鈺愨晲鈺愨晲鈺愨晲鈺愨晲鈺愨晲鈺愨晲鈺愨晲鈺愨晲鈺愨晲鈺愨晲鈺愨晲鈺愨晲鈺愨晲鈺愨晲鈺愨晲鈺愨晲鈺愨晲鈺愨晲鈺愨晲鈺愨晲鈺愨晲鈺愨晲鈺愨晲鈺愨晲鈺愨晲鈺愨晲鈺愨晲鈺愨暆

馃搮 娴嬭瘯鏃堕棿: 2026/1/14 15:11:13
馃幆 娴嬭瘯鍐呭: 浣庣┖淇濋殰浠诲姟閰嶇疆绠＄悊闇€姹傛枃妗?馃攧 骞跺彂鏁伴噺: 3

馃殌 寮€濮嬪苟鍙戞祴璇?..


============================================================
馃И 娴嬭瘯 #1 寮€濮嬫墽琛?..
============================================================
[娴嬭瘯#1] 馃搵 绗竴姝ワ細鍔熻兘杩囩▼璇嗗埆...

============================================================
馃И 娴嬭瘯 #2 寮€濮嬫墽琛?..
============================================================
[娴嬭瘯#2] 馃搵 绗竴姝ワ細鍔熻兘杩囩▼璇嗗埆...

============================================================
馃И 娴嬭瘯 #3 寮€濮嬫墽琛?..
============================================================
[娴嬭瘯#3] 馃搵 绗竴姝ワ細鍔熻兘杩囩▼璇嗗埆...
[娴嬭瘯#3] Step1 鍝嶅簲: {"success":true,"functionProcessList":"\n\n```markdown\n#浣庣┖淇濋殰浠诲姟閰嶇疆绠＄悊\n##鍔熻兘鐢ㄦ埛\n鍙戣捣鑰咃細鐢ㄦ埛 鎺ユ敹鑰咃細鐢ㄦ埛\n##瑙﹀彂浜嬩欢\n鐢ㄦ埛瑙﹀彂\n##鍔熻兘杩囩▼\n鏌ヨ浣庣┖淇濋殰浠诲姟閰嶇疆淇℃伅\n##鍔熻兘杩囩▼瀛愯繃绋嬭缁嗘弿杩癨n鎺ユ敹鏌ヨ璇锋眰 -> 璇诲彇浠诲姟閰嶇疆鏁版嵁 -> 鏍规嵁鍦板競銆佸尯鍘裤€佷换鍔″悕绉般€佷换鍔＄姸鎬併€佸垱寤烘椂闂磋繘琛岀瓫閫?-> 杩斿洖绗﹀悎鏉?[娴嬭瘯#3] 鉁?绗竴姝ュ畬鎴愶紝鑰楁椂: 23327ms锛岀粨鏋滈暱搴? 1146
[娴嬭瘯#3] 馃敡 绗簩姝ワ細COSMIC鎷嗗垎...
[娴嬭瘯#1] Step1 鍝嶅簲: {"success":true,"functionProcessList":"鍡紝鎴戠幇鍦ㄩ渶瑕佸垎鏋愯繖涓渶姹傛枃妗ｏ紝鐒跺悗鎸夌収COSMIC鏂规硶璁烘媶鍒嗗姛鑳借繃绋嬨€傞鍏堬紝鎴戝緱浠旂粏闃呰鏁翠釜鏂囨。锛岀悊瑙ｆ瘡涓儴鍒嗙殑鍔熻兘鍜岀洰鏍囥€俓n\n鏂囨。鏍囬鏄€滀綆绌轰繚闅滀换鍔￠厤缃鐞嗏€濓紝鍔熻兘姒傝堪鎻愬埌鏀寔浠诲姟鐨勫垱寤恒€佹煡璇€佷慨鏀广€佸垹闄ょ瓑鎿嶄綔銆傛帴涓嬫潵鏄姛鑳界晫闈㈣鏄庯紝鍒嗕负鍥涗釜閮ㄥ垎锛氫换鍔″垪琛ㄩ〉闈€佷换鍔¤鎯呴〉闈€佷换鍔″垱寤洪〉闈㈠拰鏁版嵁缁熻銆俓n\n棣栧厛
[娴嬭瘯#1] 鉁?绗竴姝ュ畬鎴愶紝鑰楁椂: 38148ms锛岀粨鏋滈暱搴? 2494
[娴嬭瘯#1] 馃敡 绗簩姝ワ細COSMIC鎷嗗垎...
[娴嬭瘯#2] Step1 鍝嶅簲: {"success":true,"functionProcessList":"\n\n```markdown\n#浣庣┖淇濋殰浠诲姟閰嶇疆绠＄悊\n##鍔熻兘鐢ㄦ埛\n鍙戣捣鑰咃細鐢ㄦ埛 鎺ユ敹鑰咃細鐢ㄦ埛\n##瑙﹀彂浜嬩欢\n鐢ㄦ埛瑙﹀彂\n##鍔熻兘杩囩▼\n鏌ヨ浣庣┖淇濋殰浠诲姟鍒楄〃\n##鍔熻兘杩囩▼瀛愯繃绋嬭缁嗘弿杩癨n鎺ユ敹鏌ヨ浣庣┖淇濋殰浠诲姟鍒楄〃璇锋眰 -> 璇诲彇鍦板競銆佸尯鍘裤€佷换鍔″悕绉般€佷换鍔＄姸鎬併€佸垱寤烘椂闂寸瓑鏉′欢 -> 鏌ヨ鏁版嵁搴撹幏鍙栧尮閰嶇殑浠诲姟
[娴嬭瘯#2] 鉁?绗竴姝ュ畬鎴愶紝鑰楁椂: 44811ms锛岀粨鏋滈暱搴? 1553
[娴嬭瘯#2] 馃敡 绗簩姝ワ細COSMIC鎷嗗垎...
[娴嬭瘯#3] Step2 鍝嶅簲: {"success":true,"cosmicResult":"\n\n```markdown\n|鍔熻兘鐢ㄦ埛|瑙﹀彂浜嬩欢|鍔熻兘杩囩▼|瀛愯繃绋嬫弿杩皘鏁版嵁绉诲姩绫诲瀷|鏁版嵁缁剕鏁版嵁灞炴€\n|:---|:---|:---|:---|:---|:---|:---|\n|鍙戣捣鑰咃細鐢ㄦ埛 鎺ユ敹鑰咃細鐢ㄦ埛|鐢ㄦ埛瑙﹀彂|鏌ヨ浣庣┖淇濋殰浠诲姟閰嶇疆淇℃伅|鎺ユ敹浣庣┖淇濋殰浠诲姟鏌ヨ璇锋眰|E|浣庣┖淇濋殰浠诲姟閰嶇疆鏌ヨ璇锋眰|浠诲姟鏌ヨ鏍囪瘑銆佹煡璇㈡潯浠躲€?[娴嬭瘯#3] 鉁?绗簩姝ュ畬鎴愶紝鑰楁椂: 46200ms锛岀粨鏋滈暱搴? 2119
[娴嬭瘯#3] 鈴憋笍 鎬昏€楁椂: 69527ms
[娴嬭瘯#2] Step2 鍝嶅簲: {"success":true,"cosmicResult":"鍡紝鎴戠幇鍦ㄩ渶瑕佸鐞嗙敤鎴风殑鏌ヨ锛屼粬缁欎簡涓€涓叧浜嶤OSMIC鍔熻兘鎷嗗垎鐨勪换鍔°€傜湅璧锋潵浠栧笇鏈涙垜鎸夌収COSMIC鏂规硶璁猴紝灏嗙粰瀹氱殑鍔熻兘杩囩▼鍒楄〃鎷嗗垎鎴愬搴旂殑瀛愯繃绋嬫弿杩般€佹暟鎹Щ鍔ㄧ被鍨嬨€佹暟鎹粍鍜屾暟鎹睘鎬э紝骞朵互Markdown琛ㄦ牸鐨勫舰寮忚緭鍑恒€傞鍏堬紝鎴戝緱鐞嗚ВCOSMIC鐨勫熀鏈蹇靛拰鎷嗗垎瑙勫垯锛岀‘淇濇瘡涓€姝ラ兘绗﹀悎鏍囧噯銆俓n\n鐢ㄦ埛鎻愪緵鐨勫姛鑳借繃绋嬪垪琛ㄦ秹鍙婁綆绌轰繚闅滀换
[娴嬭瘯#2] 鉁?绗簩姝ュ畬鎴愶紝鑰楁椂: 34547ms锛岀粨鏋滈暱搴? 3340
[娴嬭瘯#2] 鈴憋笍 鎬昏€楁椂: 79358ms
[娴嬭瘯#1] Step2 鍝嶅簲: {"success":true,"cosmicResult":"\n\n```markdown\n|鍔熻兘鐢ㄦ埛|瑙﹀彂浜嬩欢|鍔熻兘杩囩▼|瀛愯繃绋嬫弿杩皘绉诲姩鏁版嵁绫诲瀷|鏁版嵁缁剕鏁版嵁灞炴€\n|:--------------------|:-----------------------|:-------------------------------------------------|:-----------
[娴嬭瘯#1] 鉁?绗簩姝ュ畬鎴愶紝鑰楁椂: 61031ms锛岀粨鏋滈暱搴? 3571
[娴嬭瘯#1] 鈴憋笍 鎬昏€楁椂: 99179ms



鈺斺晲鈺愨晲鈺愨晲鈺愨晲鈺愨晲鈺愨晲鈺愨晲鈺愨晲鈺愨晲鈺愨晲鈺愨晲鈺愨晲鈺愨晲鈺愨晲鈺愨晲鈺愨晲鈺愨晲鈺愨晲鈺愨晲鈺愨晲鈺愨晲鈺愨晲鈺愨晲鈺愨晲鈺愨晲鈺愨晲鈺愨晲鈺愨晲鈺愨晲鈺愨晲鈺愨晽
鈺?                     娴嬭瘯缁撴灉姹囨€?                          鈺?鈺氣晲鈺愨晲鈺愨晲鈺愨晲鈺愨晲鈺愨晲鈺愨晲鈺愨晲鈺愨晲鈺愨晲鈺愨晲鈺愨晲鈺愨晲鈺愨晲鈺愨晲鈺愨晲鈺愨晲鈺愨晲鈺愨晲鈺愨晲鈺愨晲鈺愨晲鈺愨晲鈺愨晲鈺愨晲鈺愨晲鈺愨晲鈺愨晲鈺愨晲鈺愨晲鈺愨暆


鈹€鈹€鈹€鈹€鈹€鈹€鈹€鈹€鈹€鈹€鈹€鈹€鈹€鈹€鈹€鈹€鈹€鈹€鈹€鈹€鈹€鈹€鈹€鈹€鈹€鈹€鈹€鈹€鈹€鈹€鈹€鈹€鈹€鈹€鈹€鈹€鈹€鈹€鈹€鈹€鈹€鈹€鈹€鈹€鈹€鈹€鈹€鈹€鈹€鈹€鈹€鈹€鈹€鈹€鈹€鈹€鈹€鈹€鈹€鈹€
馃搳 娴嬭瘯 #1 缁撴灉:
鈹€鈹€鈹€鈹€鈹€鈹€鈹€鈹€鈹€鈹€鈹€鈹€鈹€鈹€鈹€鈹€鈹€鈹€鈹€鈹€鈹€鈹€鈹€鈹€鈹€鈹€鈹€鈹€鈹€鈹€鈹€鈹€鈹€鈹€鈹€鈹€鈹€鈹€鈹€鈹€鈹€鈹€鈹€鈹€鈹€鈹€鈹€鈹€鈹€鈹€鈹€鈹€鈹€鈹€鈹€鈹€鈹€鈹€鈹€鈹€
  鉁?鐘舵€? 鎴愬姛
  鈴憋笍 鎬昏€楁椂: 99179ms (绗竴姝? 38148ms, 绗簩姝? 61031ms)
  馃搵 鍔熻兘杩囩▼鍒楄〃闀垮害: 2494 瀛楃
  馃搳 COSMIC琛ㄦ牸闀垮害: 3571 瀛楃

  馃搱 璐ㄩ噺璇勫垎璇︽儏:
     - 琛ㄦ牸琛屾暟: 133
     - 鍔熻兘杩囩▼鏁? 52
     - 鍔ㄨ瘝閿欒鏁? 0
     - 涓撲笟瀛楁鏁? 6
     - 鏁版嵁绉诲姩瀹屾暣: 鏄?         E:鉁?R:鉁?W:鉁?X:鉁?     鈹佲攣鈹佲攣鈹佲攣鈹佲攣鈹佲攣鈹佲攣鈹佲攣鈹佲攣鈹佲攣鈹佲攣鈹佲攣鈹佲攣鈹佲攣
     馃弳 鎬诲垎: 97 / 100

鈹€鈹€鈹€鈹€鈹€鈹€鈹€鈹€鈹€鈹€鈹€鈹€鈹€鈹€鈹€鈹€鈹€鈹€鈹€鈹€鈹€鈹€鈹€鈹€鈹€鈹€鈹€鈹€鈹€鈹€鈹€鈹€鈹€鈹€鈹€鈹€鈹€鈹€鈹€鈹€鈹€鈹€鈹€鈹€鈹€鈹€鈹€鈹€鈹€鈹€鈹€鈹€鈹€鈹€鈹€鈹€鈹€鈹€鈹€鈹€
馃搳 娴嬭瘯 #2 缁撴灉:
鈹€鈹€鈹€鈹€鈹€鈹€鈹€鈹€鈹€鈹€鈹€鈹€鈹€鈹€鈹€鈹€鈹€鈹€鈹€鈹€鈹€鈹€鈹€鈹€鈹€鈹€鈹€鈹€鈹€鈹€鈹€鈹€鈹€鈹€鈹€鈹€鈹€鈹€鈹€鈹€鈹€鈹€鈹€鈹€鈹€鈹€鈹€鈹€鈹€鈹€鈹€鈹€鈹€鈹€鈹€鈹€鈹€鈹€鈹€鈹€
  鉁?鐘舵€? 鎴愬姛
  鈴憋笍 鎬昏€楁椂: 79358ms (绗竴姝? 44811ms, 绗簩姝? 34547ms)
  馃搵 鍔熻兘杩囩▼鍒楄〃闀垮害: 1553 瀛楃
  馃搳 COSMIC琛ㄦ牸闀垮害: 3340 瀛楃

  馃搱 璐ㄩ噺璇勫垎璇︽儏:
     - 琛ㄦ牸琛屾暟: 105
     - 鍔熻兘杩囩▼鏁? 38
     - 鍔ㄨ瘝閿欒鏁? 2
     - 涓撲笟瀛楁鏁? 6
     - 鏁版嵁绉诲姩瀹屾暣: 鏄?         E:鉁?R:鉁?W:鉁?X:鉁?     鈹佲攣鈹佲攣鈹佲攣鈹佲攣鈹佲攣鈹佲攣鈹佲攣鈹佲攣鈹佲攣鈹佲攣鈹佲攣鈹佲攣鈹佲攣
     馃弳 鎬诲垎: 87 / 100

鈹€鈹€鈹€鈹€鈹€鈹€鈹€鈹€鈹€鈹€鈹€鈹€鈹€鈹€鈹€鈹€鈹€鈹€鈹€鈹€鈹€鈹€鈹€鈹€鈹€鈹€鈹€鈹€鈹€鈹€鈹€鈹€鈹€鈹€鈹€鈹€鈹€鈹€鈹€鈹€鈹€鈹€鈹€鈹€鈹€鈹€鈹€鈹€鈹€鈹€鈹€鈹€鈹€鈹€鈹€鈹€鈹€鈹€鈹€鈹€
馃搳 娴嬭瘯 #3 缁撴灉:
鈹€鈹€鈹€鈹€鈹€鈹€鈹€鈹€鈹€鈹€鈹€鈹€鈹€鈹€鈹€鈹€鈹€鈹€鈹€鈹€鈹€鈹€鈹€鈹€鈹€鈹€鈹€鈹€鈹€鈹€鈹€鈹€鈹€鈹€鈹€鈹€鈹€鈹€鈹€鈹€鈹€鈹€鈹€鈹€鈹€鈹€鈹€鈹€鈹€鈹€鈹€鈹€鈹€鈹€鈹€鈹€鈹€鈹€鈹€鈹€
  鉁?鐘舵€? 鎴愬姛
  鈴憋笍 鎬昏€楁椂: 69527ms (绗竴姝? 23327ms, 绗簩姝? 46200ms)
  馃搵 鍔熻兘杩囩▼鍒楄〃闀垮害: 1146 瀛楃
  馃搳 COSMIC琛ㄦ牸闀垮害: 2119 瀛楃

  馃搱 璐ㄩ噺璇勫垎璇︽儏:
     - 琛ㄦ牸琛屾暟: 89
     - 鍔熻兘杩囩▼鏁? 34
     - 鍔ㄨ瘝閿欒鏁? 0
     - 涓撲笟瀛楁鏁? 4
     - 鏁版嵁绉诲姩瀹屾暣: 鏄?         E:鉁?R:鉁?W:鉁?X:鉁?     鈹佲攣鈹佲攣鈹佲攣鈹佲攣鈹佲攣鈹佲攣鈹佲攣鈹佲攣鈹佲攣鈹佲攣鈹佲攣鈹佲攣鈹佲攣
     馃弳 鎬诲垎: 93 / 100



鈺斺晲鈺愨晲鈺愨晲鈺愨晲鈺愨晲鈺愨晲鈺愨晲鈺愨晲鈺愨晲鈺愨晲鈺愨晲鈺愨晲鈺愨晲鈺愨晲鈺愨晲鈺愨晲鈺愨晲鈺愨晲鈺愨晲鈺愨晲鈺愨晲鈺愨晲鈺愨晲鈺愨晲鈺愨晲鈺愨晲鈺愨晲鈺愨晲鈺愨晲鈺愨晲鈺愨晽
鈺?                     璇勬瘮缁撴灉                              鈺?鈺氣晲鈺愨晲鈺愨晲鈺愨晲鈺愨晲鈺愨晲鈺愨晲鈺愨晲鈺愨晲鈺愨晲鈺愨晲鈺愨晲鈺愨晲鈺愨晲鈺愨晲鈺愨晲鈺愨晲鈺愨晲鈺愨晲鈺愨晲鈺愨晲鈺愨晲鈺愨晲鈺愨晲鈺愨晲鈺愨晲鈺愨晲鈺愨晲鈺愨晲鈺愨晲鈺愨暆


馃 鏈€浼樼粨鏋? 娴嬭瘯 #1
   鈹溾攢 鎬诲垎: 97 / 100
   鈹溾攢 琛ㄦ牸琛屾暟: 133
   鈹溾攢 鍔熻兘杩囩▼鏁? 52
   鈹溾攢 鍔ㄨ瘝閿欒鏁? 0
   鈹斺攢 鑰楁椂: 99179ms

馃 鏈€宸粨鏋? 娴嬭瘯 #2
   鈹溾攢 鎬诲垎: 87 / 100
   鈹溾攢 琛ㄦ牸琛屾暟: 105
   鈹溾攢 鍔熻兘杩囩▼鏁? 38
   鈹溾攢 鍔ㄨ瘝閿欒鏁? 2
   鈹斺攢 鑰楁椂: 79358ms

馃搳 鍒嗘暟宸窛: 10 鍒?鉁?鍒嗘瀽: 缁撴灉杈冧负绋冲畾锛屾ā鍨嬭緭鍑轰竴鑷存€уソ


鈺愨晲鈺愨晲鈺愨晲鈺愨晲鈺愨晲鈺愨晲鈺愨晲鈺愨晲鈺愨晲鈺愨晲鈺愨晲鈺愨晲鈺愨晲鈺愨晲鈺愨晲鈺愨晲鈺愨晲鈺愨晲鈺愨晲鈺愨晲鈺愨晲鈺愨晲鈺愨晲鈺愨晲鈺愨晲鈺愨晲鈺愨晲鈺愨晲鈺愨晲鈺愨晲
馃搵 鏈€浼樼粨鏋?(娴嬭瘯#1) 鐨凜OSMIC琛ㄦ牸棰勮:
鈺愨晲鈺愨晲鈺愨晲鈺愨晲鈺愨晲鈺愨晲鈺愨晲鈺愨晲鈺愨晲鈺愨晲鈺愨晲鈺愨晲鈺愨晲鈺愨晲鈺愨晲鈺愨晲鈺愨晲鈺愨晲鈺愨晲鈺愨晲鈺愨晲鈺愨晲鈺愨晲鈺愨晲鈺愨晲鈺愨晲鈺愨晲鈺愨晲鈺愨晲鈺愨晲


```markdown
|鍔熻兘鐢ㄦ埛|瑙﹀彂浜嬩欢|鍔熻兘杩囩▼|瀛愯繃绋嬫弿杩皘绉诲姩鏁版嵁绫诲瀷|鏁版嵁缁剕鏁版嵁灞炴€
|:--------------------|:-----------------------|:-------------------------------------------------|:-----------------------------------|:-----------|:-------------------------------|:-----------------------------------------------------------------------|
|鍙戣捣鑰咃細鐢ㄦ埛 鎺ユ敹鑰咃細鐢ㄦ埛|鐢ㄦ埛瑙﹀彂|鏌ヨ浣庣┖淇濋殰浠诲姟閰嶇疆淇℃伅|鎺ユ敹浣庣┖淇濋殰浠诲姟鏌ヨ璇锋眰|E|浣庣┖淇濋殰浠诲姟鏌ヨ璇锋眰|浣庣┖浠诲姟ID銆佸湴甯傘€佸尯鍘裤€佷换鍔″悕绉般€佺姸鎬併€佸垱寤烘椂闂磡
||||璇诲彇浣庣┖淇濋殰浠诲姟閰嶇疆淇℃伅|R|浣庣┖淇濋殰浠诲姟閰嶇疆琛▅浠诲姟ID銆佷换鍔″悕绉般€佷换鍔＄被鍨嬨€佷换鍔＄姸鎬併€佸垱寤烘椂闂淬€佹搷浣滀汉|
||||璁板綍浣庣┖淇濋殰浠诲姟鏌ヨ鏃ュ織|W|浣庣┖淇濋殰浠诲姟鏌ヨ鏃ュ織|鏌ヨ鏃ュ織ID銆佹搷浣滄椂闂淬€佹煡璇㈣€楁椂銆佺粨鏋滄暟閲弢
||||杩斿洖浣庣┖淇濋殰浠诲姟鏌ヨ缁撴灉|X|浣庣┖淇濋殰浠诲姟鏌ヨ缁撴灉|浠诲姟鍒楄〃銆佺粺璁℃眹鎬汇€佸搷搴旂姸鎬佺爜銆佸鐞嗘椂闂磡
|鍙戣捣鑰咃細鐢ㄦ埛 鎺ユ敹鑰咃細鐢ㄦ埛|鐢ㄦ埛瑙﹀彂|瀵煎嚭浣庣┖淇濋殰浠诲姟鍒楄〃鏁版嵁|鎺ユ敹浣庣┖淇濋殰浠诲姟瀵煎嚭璇锋眰|E|浣庣┖淇濋殰浠诲姟瀵煎嚭璇锋眰|瀵煎嚭璇锋眰ID銆佸鍑鸿寖鍥淬€佹枃浠舵牸寮弢
||||璇诲彇浣庣┖淇濋殰浠诲姟鍒楄〃鏁版嵁|R|浣庣┖淇濋殰浠诲姟鍒楄〃鏁版嵁琛▅浠诲姟ID銆佷换鍔″悕绉般€佷换鍔＄被鍨嬨€佷换鍔＄姸鎬併€佸垱寤烘椂闂淬€佹搷浣滀汉|
||||鐢熸垚浣庣┖淇濋殰浠诲姟瀵煎嚭鏂囦欢|W|浣庣┖淇濋殰浠诲姟瀵煎嚭鏂囦欢|瀵煎嚭鏂囦欢璺緞銆佹枃浠跺ぇ灏忋€佺敓鎴愭椂闂磡
||||杩斿洖浣庣┖淇濋殰浠诲姟瀵煎嚭缁撴灉|X|浣庣┖淇濋殰浠诲姟瀵煎嚭鍝嶅簲|瀵煎嚭鏂囦欢閾炬帴銆佸鍑虹姸鎬併€佸畬鎴愭椂闂磡
|鍙戣捣鑰咃細鐢ㄦ埛 鎺ユ敹鑰咃細鐢ㄦ埛|鐢ㄦ埛瑙﹀彂|鏌ヨ浣庣┖淇濋殰浠诲姟璇︽儏|鎺ユ敹浣庣┖淇濋殰浠诲姟璇︽儏鏌ヨ璇锋眰|E|浣庣┖淇濋殰浠诲姟璇︽儏鏌ヨ璇锋眰|浠诲姟ID銆佹煡璇㈡潯浠躲€佹椂闂磋寖鍥磡
||||璇诲彇浣庣┖淇濋殰浠诲姟璇︽儏鏁版嵁|R|浣庣┖淇濋殰浠诲姟璇︽儏鏁版嵁琛▅浠诲姟ID銆佷换鍔″悕绉般€佷换鍔＄被鍨嬨€佷换鍔＄姸鎬併€佸垱寤烘椂闂淬€佹搷浣滀汉|
||||璁板綍浣庣┖淇濋殰浠诲姟璇︽儏鏌ヨ鏃ュ織|W|浣庣┖淇濋殰浠诲姟璇︽儏鏌ヨ鏃ュ織|鏌ヨ鏃ュ織ID銆佹搷浣滄椂闂淬€佹煡璇㈣€楁椂銆佺粨鏋滄暟閲弢
||||杩斿洖浣庣┖淇濋殰浠诲姟璇︽儏鏌ヨ缁撴灉|X|浣庣┖淇濋殰浠诲姟璇︽儏鏌ヨ缁撴灉|浠诲姟璇︽儏銆佺粺璁℃眹鎬汇€佸搷搴旂姸鎬佺爜銆佸鐞嗘椂闂磡
|鍙戣捣鑰咃細鐢ㄦ埛 鎺ユ敹鑰咃細鐢ㄦ埛|鐢ㄦ埛瑙﹀彂|鎵归噺鍒犻櫎浣庣┖淇濋殰浠诲姟|鎺ユ敹浣庣┖淇濋殰浠诲姟鎵归噺鍒犻櫎璇锋眰|E|浣庣┖淇濋殰浠诲姟鎵归噺鍒犻櫎璇锋眰|鎵归噺鍒犻櫎璇锋眰ID銆佷换鍔D鍒楄〃銆佹搷浣滀汉|
||||璇诲彇浣庣┖淇濋殰浠诲姟鎵归噺鍒犻櫎鏁版嵁|R|浣庣┖淇濋殰浠诲姟鎵归噺鍒犻櫎鏁版嵁琛▅浠诲姟ID銆佷换鍔″悕绉般€佷换鍔＄被鍨嬨€佷换鍔＄姸鎬併€佸垱寤烘椂闂淬€佹搷浣滀汉|
||||璁板綍浣庣┖淇濋殰浠诲姟鎵归噺鍒犻櫎鏃ュ織|W|浣庣┖淇濋殰浠诲姟鎵归噺鍒犻櫎鏃ュ織|鍒犻櫎鏃ュ織ID銆佹搷浣滄椂闂淬€佸垹闄よ€楁椂銆佸垹闄ゆ暟閲弢
||||杩斿洖浣庣┖淇濋殰浠诲姟鎵归噺鍒犻櫎缁撴灉|X|浣庣┖淇濋殰浠诲姟鎵归噺鍒犻櫎鍝嶅簲|鍒犻櫎鎴愬姛鎻愮ず銆佸垹闄ょ粨鏋溿€佸鐞嗘椂闂磡
|鍙戣捣鑰咃細鐢ㄦ埛 鎺ユ敹鑰咃細鐢ㄦ埛|鐢ㄦ埛瑙﹀彂|鏌ョ湅浣庣┖淇濋殰浠诲姟璇︽儏|鎺ユ敹浣庣┖淇濋殰浠诲姟璇︽儏鏌ョ湅璇锋眰|E|浣庣┖淇濋殰浠诲姟璇︽儏鏌ョ湅璇锋眰|浠诲姟ID銆佹煡鐪嬫潯浠躲€佹椂闂磋寖鍥磡
||||璇诲彇浣庣┖淇濋殰浠诲姟璇︽儏鏁版嵁|R|浣庣┖淇濋殰浠诲姟璇︽儏鏁版嵁琛▅浠诲姟ID銆佷换鍔″悕绉般€佷换鍔＄被鍨嬨€佷换鍔＄姸鎬併€佸垱寤烘椂闂淬€佹搷浣滀汉|
||||璁板綍浣庣┖淇濋殰浠诲姟璇︽儏鏌ョ湅鏃ュ織|W|浣庣┖淇濋殰浠诲姟璇︽儏鏌ョ湅鏃ュ織|鏌ョ湅鏃ュ織ID銆佹搷浣滄椂闂淬€佹煡鐪嬭€楁椂銆佺粨鏋滄暟閲弢
||||杩斿洖浣庣┖淇濋殰浠诲姟璇︽儏鏌ョ湅缁撴灉|X|浣庣┖淇濋殰浠诲姟璇︽儏鏌ョ湅缁撴灉|浠诲姟璇︽儏銆佺粺璁℃眹鎬汇€佸搷搴旂姸鎬佺爜銆佸鐞嗘椂闂磡
|鍙戣捣鑰咃細鐢ㄦ埛 鎺ユ敹鑰咃細鐢ㄦ埛|鐢ㄦ埛瑙﹀彂|鏌ョ湅浣庣┖淇濋殰浠诲姟鍏宠仈鑸嚎淇℃伅|鎺ユ敹浣庣┖淇濋殰浠诲姟鍏宠仈鑸嚎淇℃伅鏌ョ湅璇锋眰|E|浣庣┖淇濋殰浠诲姟鍏宠仈鑸嚎淇℃伅鏌ョ湅璇锋眰|浠诲姟ID銆佽埅绾縄D銆佹煡鐪嬫潯浠秥
||||璇诲彇浣庣┖淇濋殰浠诲姟鍏宠仈鑸嚎淇℃伅鏁版嵁|R|浣庣┖淇濋殰浠诲姟鍏宠仈鑸嚎淇℃伅鏁版嵁琛▅鑸嚎ID銆佽埅绾垮悕绉般€佽埅璺疘D銆佽埅娈礗D銆佽埅绋媩
||||璁板綍浣庣┖淇濋殰浠诲姟鍏宠仈鑸嚎淇℃伅鏌ョ湅鏃ュ織|W|浣庣┖淇濋殰浠诲姟鍏宠仈鑸嚎淇℃伅鏌ョ湅鏃ュ織|鏌ョ湅鏃ュ織ID銆佹搷浣滄椂闂淬€佹煡鐪嬭€楁椂銆佺粨鏋滄暟閲弢
||||杩斿洖浣庣┖淇濋殰浠诲姟鍏宠仈鑸嚎淇℃伅鏌ョ湅缁撴灉|X|浣庣┖淇濋殰浠诲姟鍏宠仈鑸嚎淇℃伅鏌ョ湅缁撴灉|鑸嚎璇︽儏銆佺粺璁℃眹鎬汇€佸搷搴旂姸鎬佺爜銆佸鐞嗘椂闂磡
|鍙戣捣鑰咃細鐢ㄦ埛 鎺ユ敹鑰咃細鐢ㄦ埛|鐢ㄦ埛瑙﹀彂|淇敼浣庣┖淇濋殰浠诲姟閰嶇疆|鎺ユ敹浣庣┖淇濋殰浠诲姟閰嶇疆淇敼璇锋眰|E|浣庣┖淇濋殰浠诲姟閰嶇疆淇敼璇锋眰|浠诲姟ID銆佷慨鏀瑰弬鏁般€佹搷浣滀汉|
||||璇诲彇浣庣┖淇濋殰浠诲姟閰嶇疆淇℃伅|R|浣庣┖淇濋殰浠诲姟閰嶇疆琛▅浠诲姟ID銆佷换鍔″悕绉般€佷换鍔＄被鍨嬨€佷换鍔＄姸鎬併€佸垱寤烘椂闂淬€佹搷浣滀汉|
||||璁板綍浣庣┖淇濋殰浠诲姟閰嶇疆淇敼鏃ュ織|W|浣庣┖淇濋殰浠诲姟閰嶇疆淇敼鏃ュ織|淇敼鏃ュ織ID銆佹搷浣滄椂闂淬€佷慨鏀硅€楁椂銆佷慨鏀圭粨鏋渱
||||杩斿洖浣庣┖淇濋殰浠诲姟閰嶇疆淇敼缁撴灉|X|浣庣┖淇濋殰浠诲姟閰嶇疆淇敼鍝嶅簲|淇敼鎴愬姛鎻愮ず銆佷慨鏀圭粨鏋溿€佸鐞嗘椂闂磡
|鍙戣捣鑰咃細鐢ㄦ埛 鎺ユ敹鑰咃細鐢ㄦ埛|鐢ㄦ埛瑙﹀彂|鍚敤浣庣┖淇濋殰浠诲姟|鎺ユ敹浣庣┖淇濋殰浠诲姟鍚敤璇锋眰|E|浣庣┖淇濋殰浠诲姟鍚敤璇锋眰|浠诲姟ID銆佸惎鐢ㄦ搷浣溿€佹搷浣滀汉|
||||璇诲彇浣庣┖淇濋殰浠诲姟鐘舵€佷俊鎭瘄R|浣庣┖淇濋殰浠诲姟鐘舵€佷俊鎭〃|浠诲姟ID銆佷换鍔″悕绉般€佷换鍔＄被鍨嬨€佷换鍔＄姸鎬併€佸垱寤烘椂闂淬€佹搷浣滀汉|
||||璁板綍浣庣┖淇濋殰浠诲姟鍚敤鏃ュ織|W|浣庣┖淇濋殰浠诲姟鍚敤鏃ュ織|鍚敤鏃ュ織ID銆佹搷浣滄椂闂淬€佸惎鐢ㄨ€楁椂銆佸惎鐢ㄧ粨鏋渱
||||杩斿洖浣庣┖淇濋殰浠诲姟鍚敤缁撴灉|X|浣庣┖淇濋殰浠诲姟鍚敤鍝嶅簲|鍚敤鎴愬姛鎻愮ず銆佸惎鐢ㄧ粨鏋溿€佸鐞嗘椂闂磡
|鍙戣捣鑰咃細鐢ㄦ埛 鎺ユ敹鑰咃細鐢ㄦ埛|鐢ㄦ埛瑙﹀彂|绂佺敤浣庣┖淇濋殰浠诲姟|鎺ユ敹浣庣┖淇濋殰浠诲姟绂佺敤璇锋眰|E|浣庣┖淇濋殰浠诲姟绂佺敤璇锋眰|浠诲姟ID銆佺鐢ㄦ搷浣溿€佹搷浣滀汉|
||||璇诲彇浣庣┖淇濋殰浠诲姟鐘舵€佷俊鎭瘄R|浣庣┖淇濋殰浠诲姟鐘舵€佷俊鎭〃|浠诲姟ID銆佷换鍔″悕绉般€佷换鍔＄被鍨嬨€佷换鍔＄姸鎬併€佸垱寤烘椂闂淬€佹搷浣滀汉|
||||璁板綍浣庣┖淇濋殰浠诲姟绂佺敤鏃ュ織|W|浣庣┖淇濋殰浠诲姟绂佺敤鏃ュ織|绂佺敤鏃ュ織ID銆佹搷浣滄椂闂淬€佺鐢ㄨ€楁椂銆佺鐢ㄧ粨鏋渱
||||杩斿洖浣庣┖淇濋殰浠诲姟绂佺敤缁撴灉|X|浣庣┖淇濋殰浠诲姟绂佺敤鍝嶅簲|绂佺敤鎴愬姛鎻愮ず銆佺鐢ㄧ粨鏋溿€佸鐞嗘椂闂磡
|鍙戣捣鑰咃細鐢ㄦ埛 鎺ユ敹鑰咃細鐢ㄦ埛|鐢ㄦ埛瑙﹀彂|鏂板浣庣┖淇濋殰浠诲姟閰嶇疆|鎺ユ敹浣庣┖淇濋殰浠诲姟閰嶇疆鏂板璇锋眰|E|浣庣┖淇濋殰浠诲姟閰嶇疆鏂板璇锋眰|浠诲姟淇℃伅銆佹柊澧炲弬鏁般€佹搷浣滀汉|
||||璇诲彇浣庣┖淇濋殰浠诲姟閰嶇疆淇℃伅|R|浣庣┖淇濋殰浠诲姟閰嶇疆琛▅浠诲姟ID銆佷换鍔″悕绉般€佷换鍔＄被鍨嬨€佷换鍔＄姸鎬併€佸垱寤烘椂闂淬€佹搷浣滀汉|
||||璁板綍浣庣┖淇濋殰浠诲姟閰嶇疆鏂板鏃ュ織|W|浣庣┖淇濋殰浠诲姟閰嶇疆鏂板鏃ュ織|鏂板鏃ュ織ID銆佹搷浣滄椂闂淬€佹柊澧炶€楁椂銆佹柊澧炵粨鏋渱
||||杩斿洖浣庣┖淇濋殰浠诲姟閰嶇疆鏂板缁撴灉|X|浣庣┖淇濋殰浠诲姟閰嶇疆鏂板鍝嶅簲|鏂板鎴愬姛鎻愮ず銆佹柊澧炵粨鏋溿€佸鐞嗘椂闂磡
|鍙戣捣鑰咃細鐢ㄦ埛 鎺ユ敹鑰咃細鐢ㄦ埛|鐢ㄦ埛瑙﹀彂|閫夋嫨浣庣┖淇濋殰浠诲姟鍏宠仈鑸嚎|鎺ユ敹浣庣┖淇濋殰浠诲姟鍏宠仈鑸嚎閫夋嫨璇锋眰|E|浣庣┖淇濋殰浠诲姟鍏宠仈鑸嚎閫夋嫨璇锋眰|浠诲姟ID銆佽埅绾縄D銆侀€夋嫨鏉′欢|
||||璇诲彇浣庣┖淇濋殰浠诲姟鍏宠仈鑸嚎淇℃伅|R|浣庣┖淇濋殰浠诲姟鍏宠仈鑸嚎淇℃伅琛▅鑸嚎ID銆佽埅绾垮悕绉般€佽埅璺疘D銆佽埅娈礗D銆佽埅绋媩
||||璁板綍浣庣┖淇濋殰浠诲姟鍏宠仈鑸嚎閫夋嫨鏃ュ織|W|浣庣┖淇濋殰浠诲姟鍏宠仈鑸嚎閫夋嫨鏃ュ織|閫夋嫨鏃ュ織ID銆佹搷浣滄椂闂淬€侀€夋嫨鑰楁椂銆侀€夋嫨缁撴灉|
||||杩斿洖浣庣┖淇濋殰浠诲姟鍏宠仈鑸嚎閫夋嫨缁撴灉|X|浣庣┖淇濋殰浠诲姟鍏宠仈鑸嚎閫夋嫨鍝嶅簲|閫夋嫨鎴愬姛鎻愮ず銆侀€夋嫨缁撴灉銆佸鐞嗘椂闂磡
|鍙戣捣鑰咃細瀹氭椂瑙﹀彂鍣?鎺ユ敹鑰咃細缃戜紭骞冲彴|鏃堕挓瑙﹀彂|瀹氭椂姹囨€讳綆绌轰繚闅滀换鍔℃墽琛屾暟鎹畖鎺ユ敹浣庣┖淇濋殰浠诲姟鎵ц鏁版嵁姹囨€昏姹倈E|浣庣┖淇濋殰浠诲姟鎵ц鏁版嵁姹囨€昏姹倈姹囨€昏姹侷D銆佹眹鎬昏寖鍥淬€佹眹鎬诲懆鏈焲
||||璇诲彇浣庣┖淇濋殰浠诲姟鎵ц璁板綍|R|浣庣┖淇濋殰浠诲姟鎵ц璁板綍琛▅浠诲姟ID銆佹墽琛屾椂闂淬€佹墽琛岀姸鎬併€佹墽琛岀粨鏋溿€佹墽琛岃€楁椂|
||||璁板綍浣庣┖淇濋殰浠诲姟鎵ц鏁版嵁姹囨€绘棩蹇梶W|浣庣┖淇濋殰浠诲姟鎵ц鏁版嵁姹囨€绘棩蹇梶姹囨€绘棩蹇桰D銆佹搷浣滄椂闂淬€佹眹鎬昏€楁椂銆佹眹鎬荤粨鏋渱
||||杩斿洖浣庣┖淇濋殰浠诲姟鎵ц鏁版嵁姹囨€荤粨鏋渱X|浣庣┖淇濋殰浠诲姟鎵ц鏁版嵁姹囨€诲搷搴攟姹囨€绘垚鍔熸彁绀恒€佹眹鎬荤粨鏋溿€佸鐞嗘椂闂磡
|鍙戣捣鑰咃細瀹氭椂瑙﹀彂鍣?鎺ユ敹鑰咃細缃戜紭骞冲彴|鏃堕挓瑙﹀彂|鐢熸垚浣庣┖淇濋殰浠诲姟缁熻鎶ヨ〃|鎺ユ敹浣庣┖淇濋殰浠诲姟缁熻鎶ヨ〃鐢熸垚璇锋眰|E|浣庣┖淇濋殰浠诲姟缁熻鎶ヨ〃鐢熸垚璇锋眰|鐢熸垚璇锋眰ID銆佺敓鎴愯寖鍥淬€佺敓鎴愬懆鏈焲
||||璇诲彇浣庣┖淇濋殰浠诲姟缁熻鏁版嵁|R|浣庣┖淇濋殰浠诲姟缁熻鏁版嵁琛▅浠诲姟ID銆佺粺璁℃寚鏍囥€佺粺璁＄粨鏋溿€佺粺璁℃椂闂磡
||||璁板綍浣庣┖淇濋殰浠诲姟缁熻鎶ヨ〃鐢熸垚鏃ュ織|W|浣庣┖淇濋殰浠诲姟缁熻鎶ヨ〃鐢熸垚鏃ュ織|鐢熸垚鏃ュ織ID銆佹搷浣滄椂闂淬€佺敓鎴愯€楁椂銆佺敓鎴愮粨鏋渱
||||杩斿洖浣庣┖淇濋殰浠诲姟缁熻鎶ヨ〃鐢熸垚缁撴灉|X|浣庣┖淇濋殰浠诲姟缁熻鎶ヨ〃鐢熸垚鍝嶅簲|鐢熸垚鎴愬姛鎻愮ず銆佺敓鎴愮粨鏋溿€佸鐞嗘椂闂磡
```


馃弫 娴嬭瘯瀹屾垚锛?
